OK R 1 2 3 4 
OK C 1 6 1
OK PL 1 3 1 4 1 4 1 3
OK L 1 3 5 9
OK L -1 4 1 -9
5
